../Src/main.c:68:5:main	1
../Src/main.c:94:6:task1_handler	1
../Src/main.c:102:6:task2_handler	1
../Src/main.c:110:6:task3_handler	1
../Src/main.c:118:6:task4_handler	1
../Src/main.c:127:6:init_systick_timer	1
../Src/main.c:147:29:Init_Schedular_Stack	1
../Src/main.c:156:6:Enable_Processor_Faults	1
../Src/main.c:166:6:Init_Tasks_Stack	3
../Src/main.c:197:10:get_psp_value	1
../Src/main.c:204:6:save_psp_value	1
../Src/main.c:210:6:update_next_task	1
../Src/main.c:217:30:Switch_SP_PSP	1
../Src/main.c:237:29:SysTick_Handler	1
../Src/main.c:313:6:HardFault_Handler	1
../Src/main.c:320:6:MemManage_Handler	1
../Src/main.c:326:6:BusFault_Handler	1
